// Jest Snapshot v1, https://goo.gl/fbAQLP

exports[`App dummy Component should render 1`] = `
<div>
  <span>
    Hello Reddit Client
  </span>
</div>
`;
